EN zpuino_debug_core NULL C:/Users/killian/Dropbox/GadgetFactory/zpuino_main/ZPUino-HDL/zpu/hdl/zpuino/zpuino_debug_core.vhd sub00/vhpl49 1336155768
EN zpuino_uart_rx NULL C:/Users/killian/Dropbox/GadgetFactory/zpuino_main/ZPUino-HDL/zpu/hdl/zpuino/zpuino_uart_rx.vhd sub00/vhpl33 1336155752
AR spi behave C:/Users/killian/Dropbox/GadgetFactory/zpuino_main/ZPUino-HDL/zpu/hdl/zpuino/spi.vhd sub00/vhpl40 1336155759
AR zpuino_top behave C:/Users/killian/Dropbox/GadgetFactory/zpuino_main/ZPUino-HDL/zpu/hdl/zpuino/zpuino_top.vhd sub00/vhpl62 1336155781
AR pwm_sddac rtl C:/Users/killian/Dropbox/GadgetFactory/zpuino_main/ZPUino-HDL/zpu/hdl/zpuino/contrib/NetSID/src/sid_components.vhd sub00/vhpl07 1336155726
AR papilio_one_top behave C:/Users/killian/Dropbox/GadgetFactory/zpuino_main/ZPUino-HDL/zpu/hdl/zpuino/boards/papilio_one/s3e500/variants/sid/papilio_one_top.vhd sub00/vhpl93 1336155812
EN wb_rom_ram NULL C:/Users/killian/Dropbox/GadgetFactory/zpuino_main/ZPUino-HDL/zpu/hdl/zpuino/wb_rom_ram.vhd sub00/vhpl47 1336155766
EN dualport_ram NULL C:/Users/killian/Dropbox/GadgetFactory/zpuino_main/ZPUino-HDL/zpu/hdl/zpuino/dualport_ram.vhd sub00/vhpl21 1336155740
AR simple_sigmadelta behave C:/Users/killian/Dropbox/GadgetFactory/zpuino_main/ZPUino-HDL/zpu/hdl/zpuino/contrib/simple_sigmadelta.vhd sub00/vhpl28 1336155747
EN lshifter NULL C:/Users/killian/Dropbox/GadgetFactory/zpuino_main/ZPUino-HDL/zpu/hdl/zpuino/shifter.vhd sub00/vhpl23 1336155742
AR wbmux2 behave C:/Users/killian/Dropbox/GadgetFactory/zpuino_main/ZPUino-HDL/zpu/hdl/zpuino/wbmux2.vhd sub00/vhpl54 1336155773
EN zpuino_timers NULL C:/Users/killian/Dropbox/GadgetFactory/zpuino_main/ZPUino-HDL/zpu/hdl/zpuino/zpuino_timers.vhd sub00/vhpl69 1336155788
EN zpuino_empty_device NULL C:/Users/killian/Dropbox/GadgetFactory/zpuino_main/ZPUino-HDL/zpu/hdl/zpuino/zpuino_empty_device.vhd sub00/vhpl75 1336155794
AR sid_voice behavioral C:/Users/killian/Dropbox/GadgetFactory/zpuino_main/ZPUino-HDL/zpu/hdl/zpuino/contrib/NetSID/src/sid_voice.vhd sub00/vhpl11 1336155730
EN pwm_sddac NULL C:/Users/killian/Dropbox/GadgetFactory/zpuino_main/ZPUino-HDL/zpu/hdl/zpuino/contrib/NetSID/src/sid_components.vhd sub00/vhpl06 1336155725
AR zpuino_sigmadelta behave C:/Users/killian/Dropbox/GadgetFactory/zpuino_main/ZPUino-HDL/zpu/hdl/zpuino/zpuino_sigmadelta.vhd sub00/vhpl72 1336155791
AR zpuino_timers behave C:/Users/killian/Dropbox/GadgetFactory/zpuino_main/ZPUino-HDL/zpu/hdl/zpuino/zpuino_timers.vhd sub00/vhpl70 1336155789
AR zpuino_io_ym2149 rtl C:/Users/killian/Dropbox/GadgetFactory/zpuino_main/ZPUino-HDL/zpu/hdl/zpuino/contrib/zpuino_YM2149_linmix.vhd sub00/vhpl78 1336155797
AR spiclkgen behave C:/Users/killian/Dropbox/GadgetFactory/zpuino_main/ZPUino-HDL/zpu/hdl/zpuino/spiclkgen.vhd sub00/vhpl42 1336155761
EN txunit NULL C:/Users/killian/Dropbox/GadgetFactory/zpuino_main/ZPUino-HDL/zpu/hdl/zpuino/tx_unit.vhd sub00/vhpl35 1336155754
AR zpuino_gpio behave C:/Users/killian/Dropbox/GadgetFactory/zpuino_main/ZPUino-HDL/zpu/hdl/zpuino/zpuino_gpio.vhd sub00/vhpl68 1336155787
EN zpu_core_extreme NULL C:/Users/killian/Dropbox/GadgetFactory/zpuino_main/ZPUino-HDL/zpu/hdl/zpuino/zpu_core_extreme.vhd sub00/vhpl43 1336155762
AR prescaler behave C:/Users/killian/Dropbox/GadgetFactory/zpuino_main/ZPUino-HDL/zpu/hdl/zpuino/prescaler.vhd sub00/vhpl13 1336155732
AR uart_brgen behave C:/Users/killian/Dropbox/GadgetFactory/zpuino_main/ZPUino-HDL/zpu/hdl/zpuino/uart_brgen.vhd sub00/vhpl17 1336155736
AR sid6581 behavioral C:/Users/killian/Dropbox/GadgetFactory/zpuino_main/ZPUino-HDL/zpu/hdl/zpuino/contrib/NetSID/src/sid_6581.vhd sub00/vhpl30 1336155749
AR zpuino_uart_rx behave C:/Users/killian/Dropbox/GadgetFactory/zpuino_main/ZPUino-HDL/zpu/hdl/zpuino/zpuino_uart_rx.vhd sub00/vhpl34 1336155753
EN zpuino_intr NULL C:/Users/killian/Dropbox/GadgetFactory/zpuino_main/ZPUino-HDL/zpu/hdl/zpuino/zpuino_intr.vhd sub00/vhpl18 1336155737
AR zpuino_empty_device behave C:/Users/killian/Dropbox/GadgetFactory/zpuino_main/ZPUino-HDL/zpu/hdl/zpuino/zpuino_empty_device.vhd sub00/vhpl76 1336155795
EN wbmux2 NULL C:/Users/killian/Dropbox/GadgetFactory/zpuino_main/ZPUino-HDL/zpu/hdl/zpuino/wbmux2.vhd sub00/vhpl53 1336155772
EN prom_generic_dualport NULL C:/Users/killian/Dropbox/GadgetFactory/zpuino_main/ZPUino-HDL/zpu/hdl/zpuino/boards/papilio_one/s3e500/variants/sid/prom-generic-dp-32.vhd sub00/vhpl04 1336155723
EN papilio_one_top NULL C:/Users/killian/Dropbox/GadgetFactory/zpuino_main/ZPUino-HDL/zpu/hdl/zpuino/boards/papilio_one/s3e500/variants/sid/papilio_one_top.vhd sub00/vhpl92 1336155811
EN zpuino_uart NULL C:/Users/killian/Dropbox/GadgetFactory/zpuino_main/ZPUino-HDL/zpu/hdl/zpuino/zpuino_uart.vhd sub00/vhpl65 1336155784
AR txunit behaviour C:/Users/killian/Dropbox/GadgetFactory/zpuino_main/ZPUino-HDL/zpu/hdl/zpuino/tx_unit.vhd sub00/vhpl36 1336155755
EN spi NULL C:/Users/killian/Dropbox/GadgetFactory/zpuino_main/ZPUino-HDL/zpu/hdl/zpuino/spi.vhd sub00/vhpl39 1336155758
EN zpuino_stack NULL C:/Users/killian/Dropbox/GadgetFactory/zpuino_main/ZPUino-HDL/zpu/hdl/zpuino/boards/papilio_one/s3e500/stack.vhd sub00/vhpl45 1336155764
EN zpuino_io NULL C:/Users/killian/Dropbox/GadgetFactory/zpuino_main/ZPUino-HDL/zpu/hdl/zpuino/zpuino_io.vhd sub00/vhpl51 1336155770
AR lshifter behave C:/Users/killian/Dropbox/GadgetFactory/zpuino_main/ZPUino-HDL/zpu/hdl/zpuino/shifter.vhd sub00/vhpl24 1336155743
EN multiplier NULL C:/Users/killian/Dropbox/GadgetFactory/zpuino_main/ZPUino-HDL/zpu/hdl/zpuino/mult.vhd sub00/vhpl25 1336155744
AR wb_rom_ram behave C:/Users/killian/Dropbox/GadgetFactory/zpuino_main/ZPUino-HDL/zpu/hdl/zpuino/wb_rom_ram.vhd sub00/vhpl48 1336155767
EN zpuino_sigmadelta NULL C:/Users/killian/Dropbox/GadgetFactory/zpuino_main/ZPUino-HDL/zpu/hdl/zpuino/zpuino_sigmadelta.vhd sub00/vhpl71 1336155790
AR zpu_core_extreme behave C:/Users/killian/Dropbox/GadgetFactory/zpuino_main/ZPUino-HDL/zpu/hdl/zpuino/zpu_core_extreme.vhd sub00/vhpl44 1336155763
EN opad NULL C:/Users/killian/Dropbox/GadgetFactory/zpuino_main/ZPUino-HDL/zpu/hdl/zpuino/pad.vhd sub00/vhpl90 1336155809
EN simple_sigmadelta NULL C:/Users/killian/Dropbox/GadgetFactory/zpuino_main/ZPUino-HDL/zpu/hdl/zpuino/contrib/simple_sigmadelta.vhd sub00/vhpl27 1336155746
EN iopad NULL C:/Users/killian/Dropbox/GadgetFactory/zpuino_main/ZPUino-HDL/zpu/hdl/zpuino/pad.vhd sub00/vhpl86 1336155805
AR iopad behave C:/Users/killian/Dropbox/GadgetFactory/zpuino_main/ZPUino-HDL/zpu/hdl/zpuino/pad.vhd sub00/vhpl87 1336155806
AR fifo behave C:/Users/killian/Dropbox/GadgetFactory/zpuino_main/ZPUino-HDL/zpu/hdl/zpuino/fifo.vhd sub00/vhpl38 1336155757
AR zpuino_debug_core behave C:/Users/killian/Dropbox/GadgetFactory/zpuino_main/ZPUino-HDL/zpu/hdl/zpuino/zpuino_debug_core.vhd sub00/vhpl50 1336155769
AR wb_sid6581 rtl C:/Users/killian/Dropbox/GadgetFactory/zpuino_main/ZPUino-HDL/zpu/hdl/zpuino/contrib/NetSID/src/wb_sid6581.vhd sub00/vhpl80 1336155799
AR opad behave C:/Users/killian/Dropbox/GadgetFactory/zpuino_main/ZPUino-HDL/zpu/hdl/zpuino/pad.vhd sub00/vhpl91 1336155810
EN zpuino_io_ym2149 NULL C:/Users/killian/Dropbox/GadgetFactory/zpuino_main/ZPUino-HDL/zpu/hdl/zpuino/contrib/zpuino_YM2149_linmix.vhd sub00/vhpl77 1336155796
AR wbarb2_1 behave C:/Users/killian/Dropbox/GadgetFactory/zpuino_main/ZPUino-HDL/zpu/hdl/zpuino/wbarb2_1.vhd sub00/vhpl56 1336155775
PH pad NULL C:/Users/killian/Dropbox/GadgetFactory/zpuino_main/ZPUino-HDL/zpu/hdl/zpuino/pad.vhd sub00/vhpl83 1336155802
AR timer behave C:/Users/killian/Dropbox/GadgetFactory/zpuino_main/ZPUino-HDL/zpu/hdl/zpuino/timer.vhd sub00/vhpl32 1336155751
EN ipad NULL C:/Users/killian/Dropbox/GadgetFactory/zpuino_main/ZPUino-HDL/zpu/hdl/zpuino/pad.vhd sub00/vhpl88 1336155807
EN isync NULL C:/Users/killian/Dropbox/GadgetFactory/zpuino_main/ZPUino-HDL/zpu/hdl/zpuino/pad.vhd sub00/vhpl84 1336155803
EN clkgen NULL C:/Users/killian/Dropbox/GadgetFactory/zpuino_main/ZPUino-HDL/zpu/hdl/zpuino/boards/papilio_one/s3e500/variants/sid/clkgen.vhd sub00/vhpl59 1336155778
AR zpuino_io_audiomixer behave C:/Users/killian/Dropbox/GadgetFactory/zpuino_main/ZPUino-HDL/zpu/hdl/zpuino/contrib/zpuino_audiomixer.vhd sub00/vhpl82 1336155801
PH zpuinopkg NULL C:/Users/killian/Dropbox/GadgetFactory/zpuino_main/ZPUino-HDL/zpu/hdl/zpuino/zpuinopkg.vhd sub00/vhpl03 1336155722
AR multiplier behave C:/Users/killian/Dropbox/GadgetFactory/zpuino_main/ZPUino-HDL/zpu/hdl/zpuino/mult.vhd sub00/vhpl26 1336155745
AR zpuino_crc16 behave C:/Users/killian/Dropbox/GadgetFactory/zpuino_main/ZPUino-HDL/zpu/hdl/zpuino/zpuino_crc16.vhd sub00/vhpl74 1336155793
AR zpuino_io behave C:/Users/killian/Dropbox/GadgetFactory/zpuino_main/ZPUino-HDL/zpu/hdl/zpuino/zpuino_io.vhd sub00/vhpl52 1336155771
EN zpuino_spi NULL C:/Users/killian/Dropbox/GadgetFactory/zpuino_main/ZPUino-HDL/zpu/hdl/zpuino/zpuino_spi.vhd sub00/vhpl63 1336155782
AR zpuino_spi behave C:/Users/killian/Dropbox/GadgetFactory/zpuino_main/ZPUino-HDL/zpu/hdl/zpuino/zpuino_spi.vhd sub00/vhpl64 1336155783
AR zpuino_serialreset behave C:/Users/killian/Dropbox/GadgetFactory/zpuino_main/ZPUino-HDL/zpu/hdl/zpuino/zpuino_serialreset.vhd sub00/vhpl58 1336155777
PH zpupkg NULL C:/Users/killian/Dropbox/GadgetFactory/zpuino_main/ZPUino-HDL/zpu/hdl/zpuino/zpupkg.vhd sub00/vhpl01 1336155720
EN zpuino_io_audiomixer NULL C:/Users/killian/Dropbox/GadgetFactory/zpuino_main/ZPUino-HDL/zpu/hdl/zpuino/contrib/zpuino_audiomixer.vhd sub00/vhpl81 1336155800
AR prom_generic_dualport behave C:/Users/killian/Dropbox/GadgetFactory/zpuino_main/ZPUino-HDL/zpu/hdl/zpuino/boards/papilio_one/s3e500/variants/sid/prom-generic-dp-32.vhd sub00/vhpl05 1336155724
EN wbarb2_1 NULL C:/Users/killian/Dropbox/GadgetFactory/zpuino_main/ZPUino-HDL/zpu/hdl/zpuino/wbarb2_1.vhd sub00/vhpl55 1336155774
AR zpuino_intr behave C:/Users/killian/Dropbox/GadgetFactory/zpuino_main/ZPUino-HDL/zpu/hdl/zpuino/zpuino_intr.vhd sub00/vhpl19 1336155738
EN sid6581 NULL C:/Users/killian/Dropbox/GadgetFactory/zpuino_main/ZPUino-HDL/zpu/hdl/zpuino/contrib/NetSID/src/sid_6581.vhd sub00/vhpl29 1336155748
AR pwm_sdadc rtl C:/Users/killian/Dropbox/GadgetFactory/zpuino_main/ZPUino-HDL/zpu/hdl/zpuino/contrib/NetSID/src/sid_components.vhd sub00/vhpl09 1336155728
AR clkgen behave C:/Users/killian/Dropbox/GadgetFactory/zpuino_main/ZPUino-HDL/zpu/hdl/zpuino/boards/papilio_one/s3e500/variants/sid/clkgen.vhd sub00/vhpl60 1336155779
EN uart_brgen NULL C:/Users/killian/Dropbox/GadgetFactory/zpuino_main/ZPUino-HDL/zpu/hdl/zpuino/uart_brgen.vhd sub00/vhpl16 1336155735
PH zpuino_config NULL C:/Users/killian/Dropbox/GadgetFactory/zpuino_main/ZPUino-HDL/zpu/hdl/zpuino/boards/papilio_one/s3e500/zpuino_config.vhd sub00/vhpl02 1336155721
EN zpuino_top NULL C:/Users/killian/Dropbox/GadgetFactory/zpuino_main/ZPUino-HDL/zpu/hdl/zpuino/zpuino_top.vhd sub00/vhpl61 1336155780
PH zpu_config NULL C:/Users/killian/Dropbox/GadgetFactory/zpuino_main/ZPUino-HDL/zpu/hdl/zpuino/boards/papilio_one/s3e500/zpu_config.vhd sub00/vhpl00 1336155719
AR dualport_ram behave C:/Users/killian/Dropbox/GadgetFactory/zpuino_main/ZPUino-HDL/zpu/hdl/zpuino/dualport_ram.vhd sub00/vhpl22 1336155741
EN prescaler NULL C:/Users/killian/Dropbox/GadgetFactory/zpuino_main/ZPUino-HDL/zpu/hdl/zpuino/prescaler.vhd sub00/vhpl12 1336155731
EN pwm_sdadc NULL C:/Users/killian/Dropbox/GadgetFactory/zpuino_main/ZPUino-HDL/zpu/hdl/zpuino/contrib/NetSID/src/sid_components.vhd sub00/vhpl08 1336155727
EN spiclkgen NULL C:/Users/killian/Dropbox/GadgetFactory/zpuino_main/ZPUino-HDL/zpu/hdl/zpuino/spiclkgen.vhd sub00/vhpl41 1336155760
AR zpuino_stack behave C:/Users/killian/Dropbox/GadgetFactory/zpuino_main/ZPUino-HDL/zpu/hdl/zpuino/boards/papilio_one/s3e500/stack.vhd sub00/vhpl46 1336155765
EN sid_voice NULL C:/Users/killian/Dropbox/GadgetFactory/zpuino_main/ZPUino-HDL/zpu/hdl/zpuino/contrib/NetSID/src/sid_voice.vhd sub00/vhpl10 1336155729
AR zpuino_uart_mv_filter behave C:/Users/killian/Dropbox/GadgetFactory/zpuino_main/ZPUino-HDL/zpu/hdl/zpuino/zpuino_uart_mv_filter.vhd sub00/vhpl15 1336155734
AR zpuino_uart behave C:/Users/killian/Dropbox/GadgetFactory/zpuino_main/ZPUino-HDL/zpu/hdl/zpuino/zpuino_uart.vhd sub00/vhpl66 1336155785
EN fifo NULL C:/Users/killian/Dropbox/GadgetFactory/zpuino_main/ZPUino-HDL/zpu/hdl/zpuino/fifo.vhd sub00/vhpl37 1336155756
EN zpuino_serialreset NULL C:/Users/killian/Dropbox/GadgetFactory/zpuino_main/ZPUino-HDL/zpu/hdl/zpuino/zpuino_serialreset.vhd sub00/vhpl57 1336155776
EN wb_sid6581 NULL C:/Users/killian/Dropbox/GadgetFactory/zpuino_main/ZPUino-HDL/zpu/hdl/zpuino/contrib/NetSID/src/wb_sid6581.vhd sub00/vhpl79 1336155798
EN zpuino_crc16 NULL C:/Users/killian/Dropbox/GadgetFactory/zpuino_main/ZPUino-HDL/zpu/hdl/zpuino/zpuino_crc16.vhd sub00/vhpl73 1336155792
EN zpuino_gpio NULL C:/Users/killian/Dropbox/GadgetFactory/zpuino_main/ZPUino-HDL/zpu/hdl/zpuino/zpuino_gpio.vhd sub00/vhpl67 1336155786
AR isync behave C:/Users/killian/Dropbox/GadgetFactory/zpuino_main/ZPUino-HDL/zpu/hdl/zpuino/pad.vhd sub00/vhpl85 1336155804
AR ipad behave C:/Users/killian/Dropbox/GadgetFactory/zpuino_main/ZPUino-HDL/zpu/hdl/zpuino/pad.vhd sub00/vhpl89 1336155808
EN zpuino_uart_mv_filter NULL C:/Users/killian/Dropbox/GadgetFactory/zpuino_main/ZPUino-HDL/zpu/hdl/zpuino/zpuino_uart_mv_filter.vhd sub00/vhpl14 1336155733
EN timer NULL C:/Users/killian/Dropbox/GadgetFactory/zpuino_main/ZPUino-HDL/zpu/hdl/zpuino/timer.vhd sub00/vhpl31 1336155750
PH wishbonepkg NULL C:/Users/killian/Dropbox/GadgetFactory/zpuino_main/ZPUino-HDL/zpu/hdl/zpuino/wishbonepkg.vhd sub00/vhpl20 1336155739
