V3 208
FL C:/Users/killian/Dropbox/GadgetFactory/zpuino_main/ZPUino-HDL/zpu/hdl/zpuino/boards/papilio_one/s3e500/stack.vhd 2012/04/26.09:25:35 O.61xd
EN work/zpuino_stack 1336155764 \
      FL C:/Users/killian/Dropbox/GadgetFactory/zpuino_main/ZPUino-HDL/zpu/hdl/zpuino/boards/papilio_one/s3e500/stack.vhd \
      PB ieee/std_logic_1164 1308643377 PB ieee/NUMERIC_STD 1308643378 \
      PH work/zpu_config 1336155719 PH work/zpupkg 1336155720 LB unisim \
      PH unisim/VCOMPONENTS 1308643377
AR work/zpuino_stack/behave 1336155765 \
      FL C:/Users/killian/Dropbox/GadgetFactory/zpuino_main/ZPUino-HDL/zpu/hdl/zpuino/boards/papilio_one/s3e500/stack.vhd \
      EN work/zpuino_stack 1336155764 CP RAMB16_S36_S36
FL C:/Users/killian/Dropbox/GadgetFactory/zpuino_main/ZPUino-HDL/zpu/hdl/zpuino/boards/papilio_one/s3e500/variants/sid/clkgen.vhd 2012/04/26.09:25:35 O.61xd
EN work/clkgen 1336155778 \
      FL C:/Users/killian/Dropbox/GadgetFactory/zpuino_main/ZPUino-HDL/zpu/hdl/zpuino/boards/papilio_one/s3e500/variants/sid/clkgen.vhd \
      PB ieee/std_logic_1164 1308643377 PB ieee/STD_LOGIC_UNSIGNED 1308643379 \
      PB ieee/NUMERIC_STD 1308643378 LB unisim PH unisim/VCOMPONENTS 1308643377
AR work/clkgen/behave 1336155779 \
      FL C:/Users/killian/Dropbox/GadgetFactory/zpuino_main/ZPUino-HDL/zpu/hdl/zpuino/boards/papilio_one/s3e500/variants/sid/clkgen.vhd \
      EN work/clkgen 1336155778 CP BUFG CP IBUFG CP DCM
FL C:/Users/killian/Dropbox/GadgetFactory/zpuino_main/ZPUino-HDL/zpu/hdl/zpuino/boards/papilio_one/s3e500/variants/sid/papilio_one_top.vhd 2012/05/04.12:16:43 O.61xd
EN work/papilio_one_top 1336155811 \
      FL C:/Users/killian/Dropbox/GadgetFactory/zpuino_main/ZPUino-HDL/zpu/hdl/zpuino/boards/papilio_one/s3e500/variants/sid/papilio_one_top.vhd \
      PB ieee/std_logic_1164 1308643377 PB ieee/NUMERIC_STD 1308643378 \
      PH work/zpupkg 1336155720 PH work/zpuinopkg 1336155722 PH work/zpuino_config 1336155721 \
      PH work/zpu_config 1336155719 PH work/pad 1336155802 LB unisim \
      PH unisim/VCOMPONENTS 1308643377
AR work/papilio_one_top/behave 1336155812 \
      FL C:/Users/killian/Dropbox/GadgetFactory/zpuino_main/ZPUino-HDL/zpu/hdl/zpuino/boards/papilio_one/s3e500/variants/sid/papilio_one_top.vhd \
      EN work/papilio_one_top 1336155811 CP zpuino_serialreset CP clkgen \
      CP zpuino_top CP zpuino_spi CP zpuino_uart CP zpuino_gpio CP zpuino_timers \
      CP zpuino_sigmadelta CP zpuino_crc16 CP zpuino_empty_device \
      CP zpuino_io_YM2149 CP wb_sid6581 CP zpuino_io_audiomixer CP IOPAD CP IPAD \
      CP OPAD
FL C:/Users/killian/Dropbox/GadgetFactory/zpuino_main/ZPUino-HDL/zpu/hdl/zpuino/boards/papilio_one/s3e500/variants/sid/prom-generic-dp-32.vhd 2012/04/26.09:25:36 O.61xd
EN work/prom_generic_dualport 1336155723 \
      FL C:/Users/killian/Dropbox/GadgetFactory/zpuino_main/ZPUino-HDL/zpu/hdl/zpuino/boards/papilio_one/s3e500/variants/sid/prom-generic-dp-32.vhd \
      PB ieee/std_logic_1164 1308643377 PB ieee/STD_LOGIC_UNSIGNED 1308643379 \
      PB ieee/NUMERIC_STD 1308643378
AR work/prom_generic_dualport/behave 1336155724 \
      FL C:/Users/killian/Dropbox/GadgetFactory/zpuino_main/ZPUino-HDL/zpu/hdl/zpuino/boards/papilio_one/s3e500/variants/sid/prom-generic-dp-32.vhd \
      EN work/prom_generic_dualport 1336155723
FL C:/Users/killian/Dropbox/GadgetFactory/zpuino_main/ZPUino-HDL/zpu/hdl/zpuino/boards/papilio_one/s3e500/zpuino_config.vhd 2012/04/26.09:25:36 O.61xd
PH work/zpuino_config 1336155721 \
      FL C:/Users/killian/Dropbox/GadgetFactory/zpuino_main/ZPUino-HDL/zpu/hdl/zpuino/boards/papilio_one/s3e500/zpuino_config.vhd \
      PB ieee/std_logic_1164 1308643377 PB ieee/STD_LOGIC_UNSIGNED 1308643379 \
      PB ieee/std_logic_arith 1308643378
FL C:/Users/killian/Dropbox/GadgetFactory/zpuino_main/ZPUino-HDL/zpu/hdl/zpuino/boards/papilio_one/s3e500/zpu_config.vhd 2012/04/26.09:25:36 O.61xd
PH work/zpu_config 1336155719 \
      FL C:/Users/killian/Dropbox/GadgetFactory/zpuino_main/ZPUino-HDL/zpu/hdl/zpuino/boards/papilio_one/s3e500/zpu_config.vhd \
      PB ieee/std_logic_1164 1308643377 PB ieee/STD_LOGIC_UNSIGNED 1308643379 \
      PB ieee/std_logic_arith 1308643378
FL C:/Users/killian/Dropbox/GadgetFactory/zpuino_main/ZPUino-HDL/zpu/hdl/zpuino/contrib/NetSID/src/sid_6581.vhd 2012/04/26.09:25:36 O.61xd
EN work/sid6581 1336155748 \
      FL C:/Users/killian/Dropbox/GadgetFactory/zpuino_main/ZPUino-HDL/zpu/hdl/zpuino/contrib/NetSID/src/sid_6581.vhd \
      PB ieee/std_logic_1164 1308643377 PB ieee/STD_LOGIC_UNSIGNED 1308643379 \
      PB ieee/NUMERIC_STD 1308643378
AR work/sid6581/Behavioral 1336155749 \
      FL C:/Users/killian/Dropbox/GadgetFactory/zpuino_main/ZPUino-HDL/zpu/hdl/zpuino/contrib/NetSID/src/sid_6581.vhd \
      EN work/sid6581 1336155748 CP pwm_sddac CP pwm_sdadc CP sid_voice
FL C:/Users/killian/Dropbox/GadgetFactory/zpuino_main/ZPUino-HDL/zpu/hdl/zpuino/contrib/NetSID/src/sid_components.vhd 2012/04/26.09:25:36 O.61xd
EN work/pwm_sddac 1336155725 \
      FL C:/Users/killian/Dropbox/GadgetFactory/zpuino_main/ZPUino-HDL/zpu/hdl/zpuino/contrib/NetSID/src/sid_components.vhd \
      PB ieee/std_logic_1164 1308643377 PB ieee/STD_LOGIC_UNSIGNED 1308643379 \
      PB ieee/NUMERIC_STD 1308643378
AR work/pwm_sddac/rtl 1336155726 \
      FL C:/Users/killian/Dropbox/GadgetFactory/zpuino_main/ZPUino-HDL/zpu/hdl/zpuino/contrib/NetSID/src/sid_components.vhd \
      EN work/pwm_sddac 1336155725
EN work/pwm_sdadc 1336155727 \
      FL C:/Users/killian/Dropbox/GadgetFactory/zpuino_main/ZPUino-HDL/zpu/hdl/zpuino/contrib/NetSID/src/sid_components.vhd \
      PB ieee/std_logic_1164 1308643377 PB ieee/STD_LOGIC_UNSIGNED 1308643379 \
      PB ieee/NUMERIC_STD 1308643378
AR work/pwm_sdadc/rtl 1336155728 \
      FL C:/Users/killian/Dropbox/GadgetFactory/zpuino_main/ZPUino-HDL/zpu/hdl/zpuino/contrib/NetSID/src/sid_components.vhd \
      EN work/pwm_sdadc 1336155727
FL C:/Users/killian/Dropbox/GadgetFactory/zpuino_main/ZPUino-HDL/zpu/hdl/zpuino/contrib/NetSID/src/sid_voice.vhd 2012/04/26.09:25:36 O.61xd
EN work/sid_voice 1336155729 \
      FL C:/Users/killian/Dropbox/GadgetFactory/zpuino_main/ZPUino-HDL/zpu/hdl/zpuino/contrib/NetSID/src/sid_voice.vhd \
      PB ieee/std_logic_1164 1308643377 PB ieee/STD_LOGIC_UNSIGNED 1308643379 \
      PB ieee/NUMERIC_STD 1308643378
AR work/sid_voice/Behavioral 1336155730 \
      FL C:/Users/killian/Dropbox/GadgetFactory/zpuino_main/ZPUino-HDL/zpu/hdl/zpuino/contrib/NetSID/src/sid_voice.vhd \
      EN work/sid_voice 1336155729
FL C:/Users/killian/Dropbox/GadgetFactory/zpuino_main/ZPUino-HDL/zpu/hdl/zpuino/contrib/NetSID/src/wb_sid6581.vhd 2012/04/26.09:25:36 O.61xd
EN work/wb_sid6581 1336155798 \
      FL C:/Users/killian/Dropbox/GadgetFactory/zpuino_main/ZPUino-HDL/zpu/hdl/zpuino/contrib/NetSID/src/wb_sid6581.vhd \
      PB ieee/std_logic_1164 1308643377 PB ieee/STD_LOGIC_UNSIGNED 1308643379 \
      PB ieee/NUMERIC_STD 1308643378 PH work/zpuino_config 1336155721 \
      PH work/zpu_config 1336155719 PH work/zpupkg 1336155720
AR work/wb_sid6581/rtl 1336155799 \
      FL C:/Users/killian/Dropbox/GadgetFactory/zpuino_main/ZPUino-HDL/zpu/hdl/zpuino/contrib/NetSID/src/wb_sid6581.vhd \
      EN work/wb_sid6581 1336155798 CP sid6581
FL C:/Users/killian/Dropbox/GadgetFactory/zpuino_main/ZPUino-HDL/zpu/hdl/zpuino/contrib/simple_sigmadelta.vhd 2012/04/26.09:25:36 O.61xd
EN work/simple_sigmadelta 1336155746 \
      FL C:/Users/killian/Dropbox/GadgetFactory/zpuino_main/ZPUino-HDL/zpu/hdl/zpuino/contrib/simple_sigmadelta.vhd \
      PB ieee/std_logic_1164 1308643377 PB ieee/NUMERIC_STD 1308643378
AR work/simple_sigmadelta/behave 1336155747 \
      FL C:/Users/killian/Dropbox/GadgetFactory/zpuino_main/ZPUino-HDL/zpu/hdl/zpuino/contrib/simple_sigmadelta.vhd \
      EN work/simple_sigmadelta 1336155746
FL C:/Users/killian/Dropbox/GadgetFactory/zpuino_main/ZPUino-HDL/zpu/hdl/zpuino/contrib/zpuino_audiomixer.vhd 2012/04/26.10:05:18 O.61xd
EN work/zpuino_io_audiomixer 1336155800 \
      FL C:/Users/killian/Dropbox/GadgetFactory/zpuino_main/ZPUino-HDL/zpu/hdl/zpuino/contrib/zpuino_audiomixer.vhd \
      PB ieee/std_logic_1164 1308643377 PB ieee/std_logic_arith 1308643378 \
      PB ieee/STD_LOGIC_UNSIGNED 1308643379 PH work/zpuino_config 1336155721 \
      PH work/zpu_config 1336155719 PH work/zpupkg 1336155720
AR work/zpuino_io_audiomixer/behave 1336155801 \
      FL C:/Users/killian/Dropbox/GadgetFactory/zpuino_main/ZPUino-HDL/zpu/hdl/zpuino/contrib/zpuino_audiomixer.vhd \
      EN work/zpuino_io_audiomixer 1336155800 CP simple_sigmadelta
FL C:/Users/killian/Dropbox/GadgetFactory/zpuino_main/ZPUino-HDL/zpu/hdl/zpuino/contrib/zpuino_YM2149_linmix.vhd 2012/04/26.09:25:36 O.61xd
EN work/zpuino_io_YM2149 1336155796 \
      FL C:/Users/killian/Dropbox/GadgetFactory/zpuino_main/ZPUino-HDL/zpu/hdl/zpuino/contrib/zpuino_YM2149_linmix.vhd \
      PB ieee/std_logic_1164 1308643377 PB ieee/std_logic_arith 1308643378 \
      PB ieee/STD_LOGIC_UNSIGNED 1308643379 PH work/zpuino_config 1336155721 \
      PH work/zpu_config 1336155719 PH work/zpupkg 1336155720
AR work/zpuino_io_YM2149/RTL 1336155797 \
      FL C:/Users/killian/Dropbox/GadgetFactory/zpuino_main/ZPUino-HDL/zpu/hdl/zpuino/contrib/zpuino_YM2149_linmix.vhd \
      EN work/zpuino_io_YM2149 1336155796
FL C:/Users/killian/Dropbox/GadgetFactory/zpuino_main/ZPUino-HDL/zpu/hdl/zpuino/dualport_ram.vhd 2012/04/26.09:25:36 O.61xd
EN work/dualport_ram 1336155740 \
      FL C:/Users/killian/Dropbox/GadgetFactory/zpuino_main/ZPUino-HDL/zpu/hdl/zpuino/dualport_ram.vhd \
      PB ieee/std_logic_1164 1308643377 PB ieee/NUMERIC_STD 1308643378 \
      PB ieee/STD_LOGIC_UNSIGNED 1308643379 PH work/zpupkg 1336155720
AR work/dualport_ram/behave 1336155741 \
      FL C:/Users/killian/Dropbox/GadgetFactory/zpuino_main/ZPUino-HDL/zpu/hdl/zpuino/dualport_ram.vhd \
      EN work/dualport_ram 1336155740 CP prom_generic_dualport
FL C:/Users/killian/Dropbox/GadgetFactory/zpuino_main/ZPUino-HDL/zpu/hdl/zpuino/fifo.vhd 2012/04/26.09:25:36 O.61xd
EN work/fifo 1336155756 \
      FL C:/Users/killian/Dropbox/GadgetFactory/zpuino_main/ZPUino-HDL/zpu/hdl/zpuino/fifo.vhd \
      PB ieee/std_logic_1164 1308643377 PB ieee/NUMERIC_STD 1308643378 \
      PB ieee/STD_LOGIC_UNSIGNED 1308643379
AR work/fifo/behave 1336155757 \
      FL C:/Users/killian/Dropbox/GadgetFactory/zpuino_main/ZPUino-HDL/zpu/hdl/zpuino/fifo.vhd \
      EN work/fifo 1336155756
FL C:/Users/killian/Dropbox/GadgetFactory/zpuino_main/ZPUino-HDL/zpu/hdl/zpuino/mult.vhd 2012/04/26.09:25:37 O.61xd
EN work/multiplier 1336155744 \
      FL C:/Users/killian/Dropbox/GadgetFactory/zpuino_main/ZPUino-HDL/zpu/hdl/zpuino/mult.vhd \
      PB ieee/std_logic_1164 1308643377 PB ieee/NUMERIC_STD 1308643378
AR work/multiplier/behave 1336155745 \
      FL C:/Users/killian/Dropbox/GadgetFactory/zpuino_main/ZPUino-HDL/zpu/hdl/zpuino/mult.vhd \
      EN work/multiplier 1336155744
FL C:/Users/killian/Dropbox/GadgetFactory/zpuino_main/ZPUino-HDL/zpu/hdl/zpuino/pad.vhd 2012/04/26.09:25:37 O.61xd
PH work/pad 1336155802 \
      FL C:/Users/killian/Dropbox/GadgetFactory/zpuino_main/ZPUino-HDL/zpu/hdl/zpuino/pad.vhd \
      PB ieee/std_logic_1164 1308643377 PB ieee/NUMERIC_STD 1308643378 LB unisim \
      PH unisim/VCOMPONENTS 1308643377 CD iopad CD ipad CD opad CD isync
EN work/isync 1336155803 \
      FL C:/Users/killian/Dropbox/GadgetFactory/zpuino_main/ZPUino-HDL/zpu/hdl/zpuino/pad.vhd \
      PB ieee/std_logic_1164 1308643377 PB ieee/NUMERIC_STD 1308643378 LB unisim \
      PH unisim/VCOMPONENTS 1308643377
AR work/isync/behave 1336155804 \
      FL C:/Users/killian/Dropbox/GadgetFactory/zpuino_main/ZPUino-HDL/zpu/hdl/zpuino/pad.vhd \
      EN work/isync 1336155803 CP FD
EN work/iopad 1336155805 \
      FL C:/Users/killian/Dropbox/GadgetFactory/zpuino_main/ZPUino-HDL/zpu/hdl/zpuino/pad.vhd \
      PB ieee/std_logic_1164 1308643377 PB ieee/NUMERIC_STD 1308643378 PH work/pad 1336155802 \
      LB unisim PH unisim/VCOMPONENTS 1308643377
AR work/iopad/behave 1336155806 \
      FL C:/Users/killian/Dropbox/GadgetFactory/zpuino_main/ZPUino-HDL/zpu/hdl/zpuino/pad.vhd \
      EN work/iopad 1336155805 CP isync
EN work/ipad 1336155807 \
      FL C:/Users/killian/Dropbox/GadgetFactory/zpuino_main/ZPUino-HDL/zpu/hdl/zpuino/pad.vhd \
      PB ieee/std_logic_1164 1308643377 PB ieee/NUMERIC_STD 1308643378 PH work/pad 1336155802 \
      LB unisim PH unisim/VCOMPONENTS 1308643377
AR work/ipad/behave 1336155808 \
      FL C:/Users/killian/Dropbox/GadgetFactory/zpuino_main/ZPUino-HDL/zpu/hdl/zpuino/pad.vhd \
      EN work/ipad 1336155807 CP isync
EN work/opad 1336155809 \
      FL C:/Users/killian/Dropbox/GadgetFactory/zpuino_main/ZPUino-HDL/zpu/hdl/zpuino/pad.vhd \
      PB ieee/std_logic_1164 1308643377 PB ieee/NUMERIC_STD 1308643378 PH work/pad 1336155802 \
      LB unisim PH unisim/VCOMPONENTS 1308643377
AR work/opad/behave 1336155810 \
      FL C:/Users/killian/Dropbox/GadgetFactory/zpuino_main/ZPUino-HDL/zpu/hdl/zpuino/pad.vhd \
      EN work/opad 1336155809 CP OBUF
FL C:/Users/killian/Dropbox/GadgetFactory/zpuino_main/ZPUino-HDL/zpu/hdl/zpuino/prescaler.vhd 2012/04/26.09:25:37 O.61xd
EN work/prescaler 1336155731 \
      FL C:/Users/killian/Dropbox/GadgetFactory/zpuino_main/ZPUino-HDL/zpu/hdl/zpuino/prescaler.vhd \
      PB ieee/std_logic_1164 1308643377 PB ieee/STD_LOGIC_UNSIGNED 1308643379 \
      PB ieee/NUMERIC_STD 1308643378
AR work/prescaler/behave 1336155732 \
      FL C:/Users/killian/Dropbox/GadgetFactory/zpuino_main/ZPUino-HDL/zpu/hdl/zpuino/prescaler.vhd \
      EN work/prescaler 1336155731
FL C:/Users/killian/Dropbox/GadgetFactory/zpuino_main/ZPUino-HDL/zpu/hdl/zpuino/shifter.vhd 2012/04/26.09:25:38 O.61xd
EN work/lshifter 1336155742 \
      FL C:/Users/killian/Dropbox/GadgetFactory/zpuino_main/ZPUino-HDL/zpu/hdl/zpuino/shifter.vhd \
      PB ieee/std_logic_1164 1308643377 PB ieee/NUMERIC_STD 1308643378
AR work/lshifter/behave 1336155743 \
      FL C:/Users/killian/Dropbox/GadgetFactory/zpuino_main/ZPUino-HDL/zpu/hdl/zpuino/shifter.vhd \
      EN work/lshifter 1336155742
FL C:/Users/killian/Dropbox/GadgetFactory/zpuino_main/ZPUino-HDL/zpu/hdl/zpuino/spi.vhd 2012/04/26.09:25:38 O.61xd
EN work/spi 1336155758 \
      FL C:/Users/killian/Dropbox/GadgetFactory/zpuino_main/ZPUino-HDL/zpu/hdl/zpuino/spi.vhd \
      PB ieee/std_logic_1164 1308643377 PB ieee/NUMERIC_STD 1308643378
AR work/spi/behave 1336155759 \
      FL C:/Users/killian/Dropbox/GadgetFactory/zpuino_main/ZPUino-HDL/zpu/hdl/zpuino/spi.vhd \
      EN work/spi 1336155758
FL C:/Users/killian/Dropbox/GadgetFactory/zpuino_main/ZPUino-HDL/zpu/hdl/zpuino/spiclkgen.vhd 2012/04/26.09:25:38 O.61xd
EN work/spiclkgen 1336155760 \
      FL C:/Users/killian/Dropbox/GadgetFactory/zpuino_main/ZPUino-HDL/zpu/hdl/zpuino/spiclkgen.vhd \
      PB ieee/std_logic_1164 1308643377 PB ieee/NUMERIC_STD 1308643378
AR work/spiclkgen/behave 1336155761 \
      FL C:/Users/killian/Dropbox/GadgetFactory/zpuino_main/ZPUino-HDL/zpu/hdl/zpuino/spiclkgen.vhd \
      EN work/spiclkgen 1336155760 CP prescaler
FL C:/Users/killian/Dropbox/GadgetFactory/zpuino_main/ZPUino-HDL/zpu/hdl/zpuino/timer.vhd 2012/04/26.09:25:38 O.61xd
EN work/timer 1336155750 \
      FL C:/Users/killian/Dropbox/GadgetFactory/zpuino_main/ZPUino-HDL/zpu/hdl/zpuino/timer.vhd \
      PB ieee/std_logic_1164 1308643377 PB ieee/STD_LOGIC_UNSIGNED 1308643379 \
      PB ieee/NUMERIC_STD 1308643378 PH work/zpu_config 1336155719 PH work/zpupkg 1336155720 \
      PH work/zpuinopkg 1336155722
AR work/timer/behave 1336155751 \
      FL C:/Users/killian/Dropbox/GadgetFactory/zpuino_main/ZPUino-HDL/zpu/hdl/zpuino/timer.vhd \
      EN work/timer 1336155750 CP prescaler
FL C:/Users/killian/Dropbox/GadgetFactory/zpuino_main/ZPUino-HDL/zpu/hdl/zpuino/tx_unit.vhd 2012/04/26.09:25:38 O.61xd
EN work/TxUnit 1336155754 \
      FL C:/Users/killian/Dropbox/GadgetFactory/zpuino_main/ZPUino-HDL/zpu/hdl/zpuino/tx_unit.vhd \
      PB ieee/std_logic_1164 1308643377
AR work/TxUnit/Behaviour 1336155755 \
      FL C:/Users/killian/Dropbox/GadgetFactory/zpuino_main/ZPUino-HDL/zpu/hdl/zpuino/tx_unit.vhd \
      EN work/TxUnit 1336155754
FL C:/Users/killian/Dropbox/GadgetFactory/zpuino_main/ZPUino-HDL/zpu/hdl/zpuino/uart_brgen.vhd 2012/04/26.09:25:38 O.61xd
EN work/uart_brgen 1336155735 \
      FL C:/Users/killian/Dropbox/GadgetFactory/zpuino_main/ZPUino-HDL/zpu/hdl/zpuino/uart_brgen.vhd \
      PB ieee/std_logic_1164 1308643377 PB ieee/STD_LOGIC_UNSIGNED 1308643379
AR work/uart_brgen/behave 1336155736 \
      FL C:/Users/killian/Dropbox/GadgetFactory/zpuino_main/ZPUino-HDL/zpu/hdl/zpuino/uart_brgen.vhd \
      EN work/uart_brgen 1336155735
FL C:/Users/killian/Dropbox/GadgetFactory/zpuino_main/ZPUino-HDL/zpu/hdl/zpuino/wbarb2_1.vhd 2012/04/26.09:25:38 O.61xd
EN work/wbarb2_1 1336155774 \
      FL C:/Users/killian/Dropbox/GadgetFactory/zpuino_main/ZPUino-HDL/zpu/hdl/zpuino/wbarb2_1.vhd \
      PB ieee/std_logic_1164 1308643377 PB ieee/NUMERIC_STD 1308643378 \
      PB ieee/STD_LOGIC_UNSIGNED 1308643379 PH work/zpu_config 1336155719
AR work/wbarb2_1/behave 1336155775 \
      FL C:/Users/killian/Dropbox/GadgetFactory/zpuino_main/ZPUino-HDL/zpu/hdl/zpuino/wbarb2_1.vhd \
      EN work/wbarb2_1 1336155774
FL C:/Users/killian/Dropbox/GadgetFactory/zpuino_main/ZPUino-HDL/zpu/hdl/zpuino/wbmux2.vhd 2012/04/26.09:25:38 O.61xd
EN work/wbmux2 1336155772 \
      FL C:/Users/killian/Dropbox/GadgetFactory/zpuino_main/ZPUino-HDL/zpu/hdl/zpuino/wbmux2.vhd \
      PB ieee/std_logic_1164 1308643377 PB ieee/NUMERIC_STD 1308643378 \
      PB ieee/STD_LOGIC_UNSIGNED 1308643379 PH work/zpu_config 1336155719
AR work/wbmux2/behave 1336155773 \
      FL C:/Users/killian/Dropbox/GadgetFactory/zpuino_main/ZPUino-HDL/zpu/hdl/zpuino/wbmux2.vhd \
      EN work/wbmux2 1336155772
FL C:/Users/killian/Dropbox/GadgetFactory/zpuino_main/ZPUino-HDL/zpu/hdl/zpuino/wb_rom_ram.vhd 2012/04/26.09:25:38 O.61xd
EN work/wb_rom_ram 1336155766 \
      FL C:/Users/killian/Dropbox/GadgetFactory/zpuino_main/ZPUino-HDL/zpu/hdl/zpuino/wb_rom_ram.vhd \
      PB ieee/std_logic_1164 1308643377 PB ieee/NUMERIC_STD 1308643378 \
      PH work/zpu_config 1336155719 PH work/zpupkg 1336155720 PH work/zpuinopkg 1336155722 \
      PH work/zpuino_config 1336155721 PH work/wishbonepkg 1336155739
AR work/wb_rom_ram/behave 1336155767 \
      FL C:/Users/killian/Dropbox/GadgetFactory/zpuino_main/ZPUino-HDL/zpu/hdl/zpuino/wb_rom_ram.vhd \
      EN work/wb_rom_ram 1336155766 CP dualport_ram
FL C:/Users/killian/Dropbox/GadgetFactory/zpuino_main/ZPUino-HDL/zpu/hdl/zpuino/wishbonepkg.vhd 2012/04/26.09:25:38 O.61xd
PH work/wishbonepkg 1336155739 \
      FL C:/Users/killian/Dropbox/GadgetFactory/zpuino_main/ZPUino-HDL/zpu/hdl/zpuino/wishbonepkg.vhd \
      PB ieee/std_logic_1164 1308643377 PB ieee/NUMERIC_STD 1308643378
FL C:/Users/killian/Dropbox/GadgetFactory/zpuino_main/ZPUino-HDL/zpu/hdl/zpuino/zpuinopkg.vhd 2012/04/26.09:25:39 O.61xd
PH work/zpuinopkg 1336155722 \
      FL C:/Users/killian/Dropbox/GadgetFactory/zpuino_main/ZPUino-HDL/zpu/hdl/zpuino/zpuinopkg.vhd \
      PB ieee/std_logic_1164 1308643377 PB ieee/NUMERIC_STD 1308643378 \
      PH work/zpu_config 1336155719 PH work/zpupkg 1336155720 \
      PH work/zpuino_config 1336155721 CD zpuino_top CD zpuino_io \
      CD zpuino_empty_device CD zpuino_spi CD zpuino_uart CD zpuino_gpio \
      CD zpuino_timers CD zpuino_intr CD zpuino_sigmadelta CD zpuino_crc16 \
      CD zpuino_adc CD sram_ctrl
FL C:/Users/killian/Dropbox/GadgetFactory/zpuino_main/ZPUino-HDL/zpu/hdl/zpuino/zpuino_crc16.vhd 2012/04/26.09:25:38 O.61xd
EN work/zpuino_crc16 1336155792 \
      FL C:/Users/killian/Dropbox/GadgetFactory/zpuino_main/ZPUino-HDL/zpu/hdl/zpuino/zpuino_crc16.vhd \
      PB ieee/std_logic_1164 1308643377 PB ieee/NUMERIC_STD 1308643378 \
      PH work/zpu_config 1336155719 PH work/zpupkg 1336155720 PH work/zpuinopkg 1336155722
AR work/zpuino_crc16/behave 1336155793 \
      FL C:/Users/killian/Dropbox/GadgetFactory/zpuino_main/ZPUino-HDL/zpu/hdl/zpuino/zpuino_crc16.vhd \
      EN work/zpuino_crc16 1336155792
FL C:/Users/killian/Dropbox/GadgetFactory/zpuino_main/ZPUino-HDL/zpu/hdl/zpuino/zpuino_debug_core.vhd 2012/04/26.09:25:38 O.61xd
EN work/zpuino_debug_core 1336155768 \
      FL C:/Users/killian/Dropbox/GadgetFactory/zpuino_main/ZPUino-HDL/zpu/hdl/zpuino/zpuino_debug_core.vhd \
      PB ieee/std_logic_1164 1308643377 PB ieee/NUMERIC_STD 1308643378 \
      PH work/zpu_config 1336155719 PH work/zpupkg 1336155720 PH work/zpuinopkg 1336155722 \
      PH work/zpuino_config 1336155721
AR work/zpuino_debug_core/behave 1336155769 \
      FL C:/Users/killian/Dropbox/GadgetFactory/zpuino_main/ZPUino-HDL/zpu/hdl/zpuino/zpuino_debug_core.vhd \
      EN work/zpuino_debug_core 1336155768
FL C:/Users/killian/Dropbox/GadgetFactory/zpuino_main/ZPUino-HDL/zpu/hdl/zpuino/zpuino_empty_device.vhd 2012/04/26.09:25:39 O.61xd
EN work/zpuino_empty_device 1336155794 \
      FL C:/Users/killian/Dropbox/GadgetFactory/zpuino_main/ZPUino-HDL/zpu/hdl/zpuino/zpuino_empty_device.vhd \
      PB ieee/std_logic_1164 1308643377 PB ieee/NUMERIC_STD 1308643378 \
      PH work/zpu_config 1336155719 PH work/zpuino_config 1336155721 \
      PH work/zpupkg 1336155720 PH work/zpuinopkg 1336155722
AR work/zpuino_empty_device/behave 1336155795 \
      FL C:/Users/killian/Dropbox/GadgetFactory/zpuino_main/ZPUino-HDL/zpu/hdl/zpuino/zpuino_empty_device.vhd \
      EN work/zpuino_empty_device 1336155794
FL C:/Users/killian/Dropbox/GadgetFactory/zpuino_main/ZPUino-HDL/zpu/hdl/zpuino/zpuino_gpio.vhd 2012/04/26.09:25:39 O.61xd
EN work/zpuino_gpio 1336155786 \
      FL C:/Users/killian/Dropbox/GadgetFactory/zpuino_main/ZPUino-HDL/zpu/hdl/zpuino/zpuino_gpio.vhd \
      PB ieee/std_logic_1164 1308643377 PB ieee/NUMERIC_STD 1308643378 \
      PB ieee/STD_LOGIC_UNSIGNED 1308643379 PH work/zpu_config 1336155719 \
      PH work/zpupkg 1336155720 PH work/zpuinopkg 1336155722 PH work/zpuino_config 1336155721
AR work/zpuino_gpio/behave 1336155787 \
      FL C:/Users/killian/Dropbox/GadgetFactory/zpuino_main/ZPUino-HDL/zpu/hdl/zpuino/zpuino_gpio.vhd \
      EN work/zpuino_gpio 1336155786
FL C:/Users/killian/Dropbox/GadgetFactory/zpuino_main/ZPUino-HDL/zpu/hdl/zpuino/zpuino_intr.vhd 2012/04/26.09:25:39 O.61xd
EN work/zpuino_intr 1336155737 \
      FL C:/Users/killian/Dropbox/GadgetFactory/zpuino_main/ZPUino-HDL/zpu/hdl/zpuino/zpuino_intr.vhd \
      PB ieee/std_logic_1164 1308643377 PB ieee/NUMERIC_STD 1308643378 \
      PH work/zpu_config 1336155719 PH work/zpupkg 1336155720 PH work/zpuinopkg 1336155722
AR work/zpuino_intr/behave 1336155738 \
      FL C:/Users/killian/Dropbox/GadgetFactory/zpuino_main/ZPUino-HDL/zpu/hdl/zpuino/zpuino_intr.vhd \
      EN work/zpuino_intr 1336155737
FL C:/Users/killian/Dropbox/GadgetFactory/zpuino_main/ZPUino-HDL/zpu/hdl/zpuino/zpuino_io.vhd 2012/04/26.09:25:39 O.61xd
EN work/zpuino_io 1336155770 \
      FL C:/Users/killian/Dropbox/GadgetFactory/zpuino_main/ZPUino-HDL/zpu/hdl/zpuino/zpuino_io.vhd \
      PB ieee/std_logic_1164 1308643377 PB ieee/NUMERIC_STD 1308643378 \
      PH work/zpu_config 1336155719 PH work/zpuino_config 1336155721 \
      PH work/zpupkg 1336155720 PH work/zpuinopkg 1336155722
AR work/zpuino_io/behave 1336155771 \
      FL C:/Users/killian/Dropbox/GadgetFactory/zpuino_main/ZPUino-HDL/zpu/hdl/zpuino/zpuino_io.vhd \
      EN work/zpuino_io 1336155770 CP zpuino_intr
FL C:/Users/killian/Dropbox/GadgetFactory/zpuino_main/ZPUino-HDL/zpu/hdl/zpuino/zpuino_serialreset.vhd 2012/04/26.09:25:39 O.61xd
EN work/zpuino_serialreset 1336155776 \
      FL C:/Users/killian/Dropbox/GadgetFactory/zpuino_main/ZPUino-HDL/zpu/hdl/zpuino/zpuino_serialreset.vhd \
      PB ieee/std_logic_1164 1308643377 PB ieee/NUMERIC_STD 1308643378 \
      PH work/zpu_config 1336155719 PH work/zpupkg 1336155720 PH work/zpuinopkg 1336155722
AR work/zpuino_serialreset/behave 1336155777 \
      FL C:/Users/killian/Dropbox/GadgetFactory/zpuino_main/ZPUino-HDL/zpu/hdl/zpuino/zpuino_serialreset.vhd \
      EN work/zpuino_serialreset 1336155776
FL C:/Users/killian/Dropbox/GadgetFactory/zpuino_main/ZPUino-HDL/zpu/hdl/zpuino/zpuino_sigmadelta.vhd 2012/04/26.09:25:39 O.61xd
EN work/zpuino_sigmadelta 1336155790 \
      FL C:/Users/killian/Dropbox/GadgetFactory/zpuino_main/ZPUino-HDL/zpu/hdl/zpuino/zpuino_sigmadelta.vhd \
      PB ieee/std_logic_1164 1308643377 PB ieee/NUMERIC_STD 1308643378 \
      PH work/zpupkg 1336155720 PH work/zpu_config 1336155719 PH work/zpuinopkg 1336155722
AR work/zpuino_sigmadelta/behave 1336155791 \
      FL C:/Users/killian/Dropbox/GadgetFactory/zpuino_main/ZPUino-HDL/zpu/hdl/zpuino/zpuino_sigmadelta.vhd \
      EN work/zpuino_sigmadelta 1336155790
FL C:/Users/killian/Dropbox/GadgetFactory/zpuino_main/ZPUino-HDL/zpu/hdl/zpuino/zpuino_spi.vhd 2012/04/26.09:25:39 O.61xd
EN work/zpuino_spi 1336155782 \
      FL C:/Users/killian/Dropbox/GadgetFactory/zpuino_main/ZPUino-HDL/zpu/hdl/zpuino/zpuino_spi.vhd \
      PB ieee/std_logic_1164 1308643377 PB ieee/NUMERIC_STD 1308643378 \
      PH work/zpu_config 1336155719 PH work/zpuino_config 1336155721 \
      PH work/zpupkg 1336155720 PH work/zpuinopkg 1336155722
AR work/zpuino_spi/behave 1336155783 \
      FL C:/Users/killian/Dropbox/GadgetFactory/zpuino_main/ZPUino-HDL/zpu/hdl/zpuino/zpuino_spi.vhd \
      EN work/zpuino_spi 1336155782 CP spi CP spiclkgen
FL C:/Users/killian/Dropbox/GadgetFactory/zpuino_main/ZPUino-HDL/zpu/hdl/zpuino/zpuino_timers.vhd 2012/04/26.09:25:39 O.61xd
EN work/zpuino_timers 1336155788 \
      FL C:/Users/killian/Dropbox/GadgetFactory/zpuino_main/ZPUino-HDL/zpu/hdl/zpuino/zpuino_timers.vhd \
      PB ieee/std_logic_1164 1308643377 PB ieee/STD_LOGIC_UNSIGNED 1308643379 \
      PB ieee/NUMERIC_STD 1308643378 PH work/zpu_config 1336155719 PH work/zpupkg 1336155720 \
      PH work/zpuinopkg 1336155722
AR work/zpuino_timers/behave 1336155789 \
      FL C:/Users/killian/Dropbox/GadgetFactory/zpuino_main/ZPUino-HDL/zpu/hdl/zpuino/zpuino_timers.vhd \
      EN work/zpuino_timers 1336155788 CP timer
FL C:/Users/killian/Dropbox/GadgetFactory/zpuino_main/ZPUino-HDL/zpu/hdl/zpuino/zpuino_top.vhd 2012/04/26.09:25:39 O.61xd
EN work/zpuino_top 1336155780 \
      FL C:/Users/killian/Dropbox/GadgetFactory/zpuino_main/ZPUino-HDL/zpu/hdl/zpuino/zpuino_top.vhd \
      PB ieee/std_logic_1164 1308643377 PB ieee/NUMERIC_STD 1308643378 \
      PH work/zpu_config 1336155719 PH work/zpupkg 1336155720 PH work/zpuinopkg 1336155722 \
      PH work/zpuino_config 1336155721 PH work/wishbonepkg 1336155739
AR work/zpuino_top/behave 1336155781 \
      FL C:/Users/killian/Dropbox/GadgetFactory/zpuino_main/ZPUino-HDL/zpu/hdl/zpuino/zpuino_top.vhd \
      EN work/zpuino_top 1336155780 CP zpu_core_extreme CP zpuino_stack \
      CP wb_rom_ram CP zpuino_debug_core CP zpuino_io CP wbmux2 CP wbarb2_1
FL C:/Users/killian/Dropbox/GadgetFactory/zpuino_main/ZPUino-HDL/zpu/hdl/zpuino/zpuino_uart.vhd 2012/04/26.09:25:39 O.61xd
EN work/zpuino_uart 1336155784 \
      FL C:/Users/killian/Dropbox/GadgetFactory/zpuino_main/ZPUino-HDL/zpu/hdl/zpuino/zpuino_uart.vhd \
      PB ieee/std_logic_1164 1308643377 PB ieee/NUMERIC_STD 1308643378 \
      PH work/zpu_config 1336155719 PH work/zpupkg 1336155720 PH work/zpuinopkg 1336155722
AR work/zpuino_uart/behave 1336155785 \
      FL C:/Users/killian/Dropbox/GadgetFactory/zpuino_main/ZPUino-HDL/zpu/hdl/zpuino/zpuino_uart.vhd \
      EN work/zpuino_uart 1336155784 CP zpuino_uart_rx CP TxUnit CP uart_brgen \
      CP fifo
FL C:/Users/killian/Dropbox/GadgetFactory/zpuino_main/ZPUino-HDL/zpu/hdl/zpuino/zpuino_uart_mv_filter.vhd 2012/04/26.09:25:39 O.61xd
EN work/zpuino_uart_mv_filter 1336155733 \
      FL C:/Users/killian/Dropbox/GadgetFactory/zpuino_main/ZPUino-HDL/zpu/hdl/zpuino/zpuino_uart_mv_filter.vhd \
      PB ieee/std_logic_1164 1308643377 PB ieee/NUMERIC_STD 1308643378 \
      PH work/zpu_config 1336155719 PH work/zpupkg 1336155720 PH work/zpuinopkg 1336155722
AR work/zpuino_uart_mv_filter/behave 1336155734 \
      FL C:/Users/killian/Dropbox/GadgetFactory/zpuino_main/ZPUino-HDL/zpu/hdl/zpuino/zpuino_uart_mv_filter.vhd \
      EN work/zpuino_uart_mv_filter 1336155733
FL C:/Users/killian/Dropbox/GadgetFactory/zpuino_main/ZPUino-HDL/zpu/hdl/zpuino/zpuino_uart_rx.vhd 2012/04/26.09:25:39 O.61xd
EN work/zpuino_uart_rx 1336155752 \
      FL C:/Users/killian/Dropbox/GadgetFactory/zpuino_main/ZPUino-HDL/zpu/hdl/zpuino/zpuino_uart_rx.vhd \
      PB ieee/std_logic_1164 1308643377 PB ieee/NUMERIC_STD 1308643378 \
      PH work/zpu_config 1336155719 PH work/zpupkg 1336155720 PH work/zpuinopkg 1336155722
AR work/zpuino_uart_rx/behave 1336155753 \
      FL C:/Users/killian/Dropbox/GadgetFactory/zpuino_main/ZPUino-HDL/zpu/hdl/zpuino/zpuino_uart_rx.vhd \
      EN work/zpuino_uart_rx 1336155752 CP zpuino_uart_mv_filter CP uart_brgen
FL C:/Users/killian/Dropbox/GadgetFactory/zpuino_main/ZPUino-HDL/zpu/hdl/zpuino/zpupkg.vhd 2012/04/26.09:25:39 O.61xd
PH work/zpupkg 1336155720 \
      FL C:/Users/killian/Dropbox/GadgetFactory/zpuino_main/ZPUino-HDL/zpu/hdl/zpuino/zpupkg.vhd \
      PB ieee/std_logic_1164 1308643377 PB ieee/NUMERIC_STD 1308643378 \
      PH work/zpu_config 1336155719 CD trace CD zpu_core_extreme
FL C:/Users/killian/Dropbox/GadgetFactory/zpuino_main/ZPUino-HDL/zpu/hdl/zpuino/zpu_core_extreme.vhd 2012/04/26.09:25:38 O.61xd
EN work/zpu_core_extreme 1336155762 \
      FL C:/Users/killian/Dropbox/GadgetFactory/zpuino_main/ZPUino-HDL/zpu/hdl/zpuino/zpu_core_extreme.vhd \
      PB ieee/std_logic_1164 1308643377 PB ieee/NUMERIC_STD 1308643378 \
      PH work/zpu_config 1336155719 PH work/zpupkg 1336155720 PH work/wishbonepkg 1336155739
AR work/zpu_core_extreme/behave 1336155763 \
      FL C:/Users/killian/Dropbox/GadgetFactory/zpuino_main/ZPUino-HDL/zpu/hdl/zpuino/zpu_core_extreme.vhd \
      EN work/zpu_core_extreme 1336155762 CP lshifter CP multiplier CP trace
